     1                                  ; ===================================================================
     2                                  ; DATA
     3                                  ; ===================================================================
     4 00000000 506C6179696E6700        StrPlay     db 'Playing',0
     5 00000008 424F4F4D2100            StrLost     db 'BOOM!',0
     6 0000000E 596F752077696E2100      StrWin      db 'You win!',0
     7 00000017 54414E4B00              StrClsTank  db 'TANK',0
     8 0000001C 4D41474500              StrClsMage  db 'MAGE',0
     9 00000021 415254494649434552-     StrClsArtificer db 'ARTIFICER',0
     9 0000002A 00                 
    10 0000002B 2D00                    StrClsNone  db '-',0
    11 0000002D 4C4556454C20434C45-     StrRewardTitle db 'LEVEL CLEARED!',0
    11 00000036 415245442100       
    12 0000003C 2B352053485241504E-     StrRewardAmount db '+5 SHRAPNELS!',0
    12 00000045 454C532100         
    13 0000004A 523A204E4557204741-     StrRewardHint db 'R: NEW GAME',0
    13 00000053 4D4500             
    14 00000056 534849454C442100        StrShield   db 'SHIELD!',0
    15 0000005E 5343414E4E45442100      StrScanned  db 'SCANNED!',0
    16 00000067 4E4F205343414E5321-     StrNoScan   db 'NO SCANS!',0
    16 00000070 00                 
    17 00000071 41524D45442100          StrArmed    db 'ARMED!',0
    18 00000078 534849454C44204F4E-     StrShldOn   db 'SHIELD ON',0
    18 00000081 00                 
    19 00000082 4E4F20534849454C44-     StrShldOff  db 'NO SHIELD',0
    19 0000008B 00                 
    20 0000008C 5343414E2052445900      StrScanOn   db 'SCAN RDY',0
    21 00000095 5343414E2055534544-     StrScanOff  db 'SCAN USED',0
    21 0000009E 00                 
    22 0000009F 53202B20636C69636B-     StrScanHint db 'S + click',0
    22 000000A8 00                 
    23                                  
    24 000000A9 303030202020            PalGrays    db 48,48,48, 32,32,32
    25 000000AF 00003F0020003F0000-     PalNums     db 0,0,63,  0,32,0,  63,0,0,  0,0,32
    25 000000B8 000020             
    26 000000BB 200000002020000000-                 db 32,0,0,  0,32,32, 0,0,0,   32,32,32
    26 000000C4 202020             
    27 000000C7 3435363738393A3B        NumColors   db 52,53,54,55,56,57,58,59
    28                                  
    29                                  ; 3x5 font, digits 0..9, one byte per row (bits 2..0 = pixels)
    30 000000CF 0705050507              Font3x5     db 7,5,5,5,7        ; 0
    31 000000D4 0206020207                          db 2,6,2,2,7        ; 1
    32 000000D9 0701070407                          db 7,1,7,4,7        ; 2
    33 000000DE 0701070107                          db 7,1,7,1,7        ; 3
    34 000000E3 0505070101                          db 5,5,7,1,1        ; 4
    35 000000E8 0704070107                          db 7,4,7,1,7        ; 5
    36 000000ED 0704070507                          db 7,4,7,5,7        ; 6
    37 000000F2 0701020202                          db 7,1,2,2,2        ; 7
    38 000000F7 0705070507                          db 7,5,7,5,7        ; 8
    39 000000FC 0705070107                          db 7,5,7,1,7        ; 9
    40                                  
    41                                  ; Sprite = list of rectangles: x, y, w, h, colour  (0FFh terminates)
    42 00000101 060301010C              FlagRects   db 6,3,1,1,12       ; red pennant
    43 00000106 050402010C                          db 5,4,2,1,12
    44 0000010B 040503010C                          db 4,5,3,1,12
    45 00000110 030604010C                          db 3,6,4,1,12
    46 00000115 040703010C                          db 4,7,3,1,12
    47 0000011A 050802010C                          db 5,8,2,1,12
    48 0000011F 060901010C                          db 6,9,1,1,12
    49 00000124 0703020900                          db 7,3,2,9,0        ; pole
    50 00000129 050B060100                          db 5,11,6,1,0       ; base
    51 0000012E 030C0A0200                          db 3,12,10,2,0
    52 00000133 FF                                  db 0FFh
    53                                  
    54 00000134 0504060100              MineRects   db 5,4,6,1,0
    55 00000139 0405080600                          db 4,5,8,6,0
    56 0000013E 050B060100                          db 5,11,6,1,0
    57 00000143 02070C0200                          db 2,7,12,2,0
    58 00000148 0702020C00                          db 7,2,2,12,0
    59 0000014D 0303020200                          db 3,3,2,2,0
    60 00000152 0B03020200                          db 11,3,2,2,0
    61 00000157 030B020200                          db 3,11,2,2,0
    62 0000015C 0B0B020200                          db 11,11,2,2,0
    63 00000161 050502020F                          db 5,5,2,2,15       ; glint
    64 00000166 FF                                  db 0FFh
    65                                  
    66 00000167 050006010E              FaceDisc    db 5,0,6,1,14
    67 0000016C 03010A010E                          db 3,1,10,1,14
    68 00000171 02020C010E                          db 2,2,12,1,14
    69 00000176 01030E0A0E                          db 1,3,14,10,14
    70 0000017B 000510060E                          db 0,5,16,6,14
    71 00000180 020D0C010E                          db 2,13,12,1,14
    72 00000185 030E0A010E                          db 3,14,10,1,14
    73 0000018A 050F06010E                          db 5,15,6,1,14
    74 0000018F FF                                  db 0FFh
    75                                  
    76 00000190 0405020300              FaceHappy   db 4,5,2,3,0
    77 00000195 0A05020300                          db 10,5,2,3,0
    78 0000019A 0409010100                          db 4,9,1,1,0
    79 0000019F 0B09010100                          db 11,9,1,1,0
    80 000001A4 050A060100                          db 5,10,6,1,0
    81 000001A9 FF                                  db 0FFh
    82                                  
    83 000001AA 0304010100              FaceDead    db 3,4,1,1,0        ; X eyes
    84 000001AF 0504010100                          db 5,4,1,1,0
    85 000001B4 0405010100                          db 4,5,1,1,0
    86 000001B9 0306010100                          db 3,6,1,1,0
    87 000001BE 0506010100                          db 5,6,1,1,0
    88 000001C3 0A04010100                          db 10,4,1,1,0
    89 000001C8 0C04010100                          db 12,4,1,1,0
    90 000001CD 0B05010100                          db 11,5,1,1,0
    91 000001D2 0A06010100                          db 10,6,1,1,0
    92 000001D7 0C06010100                          db 12,6,1,1,0
    93 000001DC 050A060100                          db 5,10,6,1,0       ; frown
    94 000001E1 040B010100                          db 4,11,1,1,0
    95 000001E6 0B0B010100                          db 11,11,1,1,0
    96 000001EB FF                                  db 0FFh
    97                                  
    98 000001EC 0204050300              FaceCool    db 2,4,5,3,0        ; sunglasses
    99 000001F1 0904050300                          db 9,4,5,3,0
   100 000001F6 0704020100                          db 7,4,2,1,0
   101 000001FB 030501010F                          db 3,5,1,1,15
   102 00000200 0A0501010F                          db 10,5,1,1,15
   103 00000205 0409010100                          db 4,9,1,1,0
   104 0000020A 0B09010100                          db 11,9,1,1,0
   105 0000020F 050A060100                          db 5,10,6,1,0
   106 00000214 FF                                  db 0FFh
